// Jest Snapshot v1, https://goo.gl/fbAQLP

exports[`Global test of working field-level functionality and snapshot match 1`] = `
Object {
  "_id": "drafts.2947533e-1ea5-4116-955b-339608d3445d",
  "_rev": "l58oha-n06-1s4-f6i-74g6cuakl",
  "_type": "fieldLevelArticle",
  "config": Object {
    "en": Object {
      "_type": "objectField",
      "nestedArrayField": Array [
        Object {
          "_key": "f49b4d7e3e51",
          "_type": "block",
          "children": Array [
            Object {
              "_key": "randomKey-16",
              "_type": "span",
              "marks": Array [],
              "text": "This is block text 1 level deep",
            },
          ],
          "markDefs": Array [],
          "style": "normal",
        },
      ],
      "objectAsField": Object {
        "_type": "childObjectField",
        "content": Array [
          Object {
            "_key": "869168fe3a2a",
            "_type": "block",
            "children": Array [
              Object {
                "_key": "randomKey-14",
                "_type": "span",
                "marks": Array [],
                "text": "This is block text 2 levels deep",
              },
            ],
            "markDefs": Array [],
            "style": "normal",
          },
        ],
        "title": "This is one level deeper",
      },
      "title": "This is an object nested in a document",
    },
  },
  "content": Object {
    "en": Array [
      Object {
        "_key": "e2a39d768ff8",
        "_type": "block",
        "children": Array [
          Object {
            "_key": "randomKey-18",
            "_type": "span",
            "marks": Array [],
            "text": "This is block text at the top level.",
          },
        ],
        "markDefs": Array [],
        "style": "normal",
      },
      Object {
        "_key": "271b0c6ee984",
        "_type": "objectField",
        "objectAsField": Object {
          "_type": "childObjectField",
          "content": Array [
            Object {
              "_key": "4f24f6fbfae7",
              "_type": "block",
              "children": Array [
                Object {
                  "_key": "randomKey-24",
                  "_type": "span",
                  "marks": Array [],
                  "text": "This is block text in a nested object in an object in top-level block text.",
                },
              ],
              "markDefs": Array [],
              "style": "normal",
            },
          ],
          "title": "This is a nested object in an object in top-level block text.",
        },
        "title": "This is an object in top-level block text.",
      },
    ],
  },
  "snippet": Object {
    "en": "This is text in my text field",
  },
  "tags": Object {
    "en": Array [
      "tag 1",
      "tag 2",
      "tag 3",
    ],
  },
  "title": Object {
    "en": "My Field-Level Article",
  },
}
`;
