// Jest Snapshot v1, https://goo.gl/fbAQLP

exports[`Global internationalized array snapshot test 1`] = `
Array [
  Object {
    "after": "config[-1]",
    "items": Array [
      Object {
        "_key": "es_ES",
        "_type": "internationalizedArrayObjectFieldValue",
        "value": Object {
          "_type": "objectField",
          "nestedArrayField": Array [
            Object {
              "_key": "4a58adc7c507",
              "_type": "block",
              "children": Array [
                Object {
                  "_key": "4f6bc15ae261",
                  "_type": "span",
                  "marks": Array [],
                  "text": "New text",
                },
              ],
              "markDefs": Array [],
              "style": "normal",
            },
          ],
          "objectAsField": Object {
            "_type": "childObjectField",
            "content": Array [
              Object {
                "_key": "869168fe3a2a",
                "_type": "block",
                "children": Array [
                  Object {
                    "_key": "10d423df228a",
                    "_type": "span",
                    "marks": Array [],
                    "text": "This is block text 2 levels deep",
                  },
                ],
                "markDefs": Array [],
                "style": "normal",
              },
            ],
            "title": "A new nested title",
          },
          "title": "A new title",
        },
      },
    ],
  },
  Object {
    "after": "content[-1]",
    "items": Array [
      Object {
        "_key": "es_ES",
        "_type": "internationalizedArrayPortableTextValue",
        "value": Array [
          Object {
            "_key": "e2a39d768ff8",
            "_type": "block",
            "children": Array [
              Object {
                "_key": "216e97c5a5cc",
                "_type": "span",
                "marks": Array [],
                "text": "This is block text at the top level.",
              },
            ],
            "markDefs": Array [],
            "style": "normal",
          },
          Object {
            "_key": "271b0c6ee984",
            "_type": "objectField",
            "objectAsField": Object {
              "_type": "childObjectField",
              "content": Array [
                Object {
                  "_key": "4f24f6fbfae7",
                  "_type": "block",
                  "children": Array [
                    Object {
                      "_key": "randomKey-14",
                      "_type": "span",
                      "marks": Array [],
                      "text": "This is block text in a nested object in an object in top-level block text.",
                    },
                  ],
                  "markDefs": Array [],
                  "style": "normal",
                },
              ],
              "title": "This is a nested object in an object in top-level block text.",
            },
            "title": "This is an object in top-level block text.",
          },
        ],
      },
    ],
  },
  Object {
    "after": "snippet[-1]",
    "items": Array [
      Object {
        "_key": "es_ES",
        "_type": "internationalizedArrayStringFieldValue",
        "value": "A new document snippet",
      },
    ],
  },
  Object {
    "after": "tags[-1]",
    "items": Array [
      Object {
        "_key": "es_ES",
        "_type": "internationalizedArrayTagsValue",
        "value": Array [
          "tag 1",
          "tag 2",
          "tag 3",
        ],
      },
    ],
  },
  Object {
    "after": "title[-1]",
    "items": Array [
      Object {
        "_key": "es_ES",
        "_type": "internationalizedArrayStringFieldValue",
        "value": "A new document title",
      },
    ],
  },
  Object {
    "after": "slices[0].content[-1]",
    "items": Array [
      Object {
        "_key": "es_ES",
        "_type": "internationalizedArrayBlockValue",
        "value": Array [
          Object {
            "_key": "e2a39d768ff8",
            "_type": "block",
            "children": Array [
              Object {
                "_key": "randomKey-26",
                "_type": "span",
                "marks": Array [],
                "text": "This is block text 1 level deep",
              },
            ],
            "markDefs": Array [],
            "style": "normal",
          },
        ],
      },
    ],
  },
]
`;
