// Jest Snapshot v1, https://goo.gl/fbAQLP

exports[`Global test of working doc-level functionality and snapshot match 1`] = `
Object {
  "content": "<html><head><meta name=\\"_id\\" content=\\"drafts.d8ffc675-ce86-4f60-9ac8-da164cde3b0a\\"><meta name=\\"_type\\" content=\\"documentLevelArticle\\"><meta name=\\"_rev\\" content=\\"fxcnqj-uew-gr7-v6r-z965tfm69\\"></head><body><div class=\\"documentLevelArticle\\" id=\\"fynqai\\"><span class=\\"title\\">My Document-Level Article</span><span class=\\"snippet\\">This is text in my text field.</span><div class=\\"tags\\"><span>tag 1</span><span>tag 2</span><span>tag 3</span></div><div class=\\"config\\"><div class=\\"objectField\\" id=\\"6rybyk\\"><div class=\\"nestedArrayField\\"><p id=\\"4a58adc7c507\\">This is block text 1 level deep</p></div><div class=\\"objectAsField\\"><div class=\\"childObjectField\\" id=\\"mrqq84\\"><span class=\\"title\\">This is one level deeper</span><div class=\\"content\\"><p id=\\"1aa228ac848b\\">This is a block text 2 levels deep</p></div></div></div><span class=\\"title\\">This is an object nested in a document</span></div></div><div class=\\"content\\"><p id=\\"a4d177e92666\\">This is block text at the top level.</p><div class=\\"objectField\\" id=\\"c0313627775e\\"><span class=\\"title\\">This is an object in top-level block text.</span><div class=\\"objectAsField\\"><div class=\\"childObjectField\\" id=\\"88za05\\"><span class=\\"title\\">This is a nested object in an object in top-level block text.</span><div class=\\"content\\"><p id=\\"4f24f6fbfae7\\">This is block text in a nested object in an object in top-level block text.</p></div></div></div></div><h1 id=\\"9e2ab13c6d63\\">This is h1 text</h1><h2 id=\\"297142fbaf21\\">This is h2 text</h2></div></div></body></html>",
  "name": "drafts.d8ffc675-ce86-4f60-9ac8-da164cde3b0a",
}
`;

exports[`Global test of working field-level functionality and snapshot match 1`] = `
Object {
  "content": "<html><head><meta name=\\"_id\\" content=\\"drafts.2947533e-1ea5-4116-955b-339608d3445d\\"><meta name=\\"_type\\" content=\\"fieldLevelArticle\\"><meta name=\\"_rev\\" content=\\"l58oha-n06-1s4-f6i-74g6cuakl\\"></head><body><div class=\\"fieldLevelArticle\\" id=\\"kb6mut\\"><div class=\\"config\\" id=\\"49a835\\"><div class=\\"en\\"><div class=\\"objectField\\" id=\\"v1764a\\"><span class=\\"title\\">This is an object nested in a document</span><div class=\\"objectAsField\\"><div class=\\"childObjectField\\" id=\\"dme9mc\\"><span class=\\"title\\">This is one level deeper</span><div class=\\"content\\"><p id=\\"869168fe3a2a\\">This is block text 2 levels deep</p></div></div></div><div class=\\"nestedArrayField\\"><p id=\\"f49b4d7e3e51\\">This is block text 1 level deep</p></div></div></div></div><div class=\\"content\\" id=\\"dcjm38\\"><div class=\\"en\\"><p id=\\"e2a39d768ff8\\">This is block text at the top level.</p><div class=\\"objectField\\" id=\\"271b0c6ee984\\"><span class=\\"title\\">This is an object in top-level block text.</span><div class=\\"objectAsField\\"><div class=\\"childObjectField\\" id=\\"88za05\\"><span class=\\"title\\">This is a nested object in an object in top-level block text.</span><div class=\\"content\\"><p id=\\"4f24f6fbfae7\\">This is block text in a nested object in an object in top-level block text.</p></div></div></div></div></div></div><div class=\\"snippet\\" id=\\"yq23r4\\"><span class=\\"en\\">This is text in my text field</span></div><div class=\\"tags\\" id=\\"jkg4ql\\"><div class=\\"en\\"><span>tag 1</span><span>tag 2</span><span>tag 3</span></div></div><div class=\\"title\\" id=\\"ulpd14\\"><span class=\\"en\\">My Field-Level Article</span></div></div></body></html>",
  "name": "drafts.2947533e-1ea5-4116-955b-339608d3445d",
}
`;
