// Jest Snapshot v1, https://goo.gl/fbAQLP

exports[`Global test of working doc-level functionality and snapshot match 1`] = `
Object {
  "content": "<html><head><meta name=\\"_id\\" content=\\"drafts.d8ffc675-ce86-4f60-9ac8-da164cde3b0a\\"><meta name=\\"_type\\" content=\\"documentLevelArticle\\"><meta name=\\"_rev\\" content=\\"fxcnqj-uew-gr7-v6r-z965tfm69\\"><meta name=\\"version\\" content=\\"3\\"></head><body><div class=\\"documentLevelArticle\\" id=\\"drafts.d8ffc675-ce86-4f60-9ac8-da164cde3b0a\\" data-type=\\"object\\"><span class=\\"title\\">My Document-Level Article</span><span class=\\"snippet\\">This is text in my text field.</span><div class=\\"tags\\" data-type=\\"array\\"><span>tag 1</span><span>tag 2</span><span>tag 3</span></div><div class=\\"config\\" data-level=\\"field\\"><div class=\\"objectField\\" data-type=\\"object\\"><span class=\\"title\\">This is an object nested in a document</span><div class=\\"objectAsField\\" data-level=\\"field\\"><div class=\\"childObjectField\\" data-type=\\"object\\"><span class=\\"title\\">This is one level deeper</span><div class=\\"content\\" data-type=\\"array\\"><p id=\\"1aa228ac848b\\">This is a block text 2 levels deep</p></div></div></div><div class=\\"nestedArrayField\\" data-type=\\"array\\"><p id=\\"4a58adc7c507\\">This is block text 1 level deep</p></div></div></div><div class=\\"content\\" data-type=\\"array\\"><p id=\\"a4d177e92666\\">This is block text at the top level.</p><div class=\\"objectField\\" id=\\"c0313627775e\\" data-type=\\"object\\"><span class=\\"title\\">This is an object in top-level block text.</span><div class=\\"objectAsField\\" data-level=\\"field\\"><div class=\\"childObjectField\\" data-type=\\"object\\"><span class=\\"title\\">This is a nested object in an object in top-level block text.</span><div class=\\"content\\" data-type=\\"array\\"><p id=\\"4f24f6fbfae7\\">This is block text in a nested object in an object in top-level block text.</p></div></div></div></div><h1 id=\\"9e2ab13c6d63\\">This is h1 text</h1><h2 id=\\"297142fbaf21\\">This is h2 text</h2><ul id=\\"76e648fc3845\\"><li id=\\"76e648fc3845\\" data-level=\\"1\\">Bullet 1</li></ul><ul id=\\"d090cd8b27d2\\"><li id=\\"d090cd8b27d2\\" data-level=\\"2\\">nested bullet a</li></ul><ul id=\\"1cdffa5d50f5\\"><li id=\\"1cdffa5d50f5\\" data-level=\\"1\\"><h2 id=\\"1cdffa5d50f5\\">Styled bullet 2</h2></li></ul><ol id=\\"da29f5063059\\"><li id=\\"da29f5063059\\" data-level=\\"1\\"><h3 id=\\"da29f5063059\\">Number 1</h3></li></ol></div></div></body></html>",
  "name": "drafts.d8ffc675-ce86-4f60-9ac8-da164cde3b0a",
}
`;
