// Jest Snapshot v1, https://goo.gl/fbAQLP

exports[`Global test of working internationalized array-level functionality and snapshot match 1`] = `
Object {
  "content": "<html><head><meta name=\\"_id\\" content=\\"drafts.2947533e-1ea5-4116-955b-339608d3445d\\"><meta name=\\"_type\\" content=\\"internationalizedArrayArticle\\"><meta name=\\"_rev\\" content=\\"l58oha-n06-1s4-f6i-74g6cuakl\\"><meta name=\\"version\\" content=\\"3\\"></head><body><div class=\\"internationalizedArrayArticle\\" id=\\"drafts.2947533e-1ea5-4116-955b-339608d3445d\\" data-type=\\"object\\"><div class=\\"config\\" data-type=\\"array\\"><div class=\\"internationalizedArrayObjectFieldValue\\" id=\\"en\\" data-type=\\"object\\"><div class=\\"value\\" data-level=\\"field\\"><div class=\\"\\" data-type=\\"object\\"><div class=\\"nestedArrayField\\" data-type=\\"array\\"><p id=\\"f49b4d7e3e51\\">This is block text 1 level deep</p></div><div class=\\"objectAsField\\" data-level=\\"field\\"><div class=\\"childObjectField\\" data-type=\\"object\\"><span class=\\"title\\">This is one level deeper</span><div class=\\"content\\" data-type=\\"array\\"><p id=\\"869168fe3a2a\\">This is block text 2 levels deep</p></div></div></div><span class=\\"title\\">This is an object nested in a document</span></div></div></div></div><div class=\\"content\\" data-type=\\"array\\"><div class=\\"internationalizedArrayPortableTextValue\\" id=\\"en\\" data-type=\\"object\\"><div class=\\"value\\" data-type=\\"array\\"><p id=\\"e2a39d768ff8\\">This is block text at the top level.</p><div class=\\"objectField\\" id=\\"271b0c6ee984\\" data-type=\\"object\\"><span class=\\"title\\">This is an object in top-level block text.</span><div class=\\"objectAsField\\" data-level=\\"field\\"><div class=\\"childObjectField\\" data-type=\\"object\\"><span class=\\"title\\">This is a nested object in an object in top-level block text.</span><div class=\\"content\\" data-type=\\"array\\"><p id=\\"4f24f6fbfae7\\">This is block text in a nested object in an object in top-level block text.</p></div></div></div></div></div></div></div><div class=\\"snippet\\" data-type=\\"array\\"><div class=\\"internationalizedArrayStringFieldValue\\" id=\\"en\\" data-type=\\"object\\"><span class=\\"value\\">This is text in my text field</span></div></div><div class=\\"tags\\" data-type=\\"array\\"><div class=\\"internationalizedArrayTagsValue\\" id=\\"en\\" data-type=\\"object\\"><div class=\\"value\\" data-type=\\"array\\"><span>tag 1</span><span>tag 2</span><span>tag 3</span></div></div></div><div class=\\"title\\" data-type=\\"array\\"><div class=\\"internationalizedArrayStringFieldValue\\" id=\\"en\\" data-type=\\"object\\"><span class=\\"value\\">My Internationalized Array Article</span></div></div><div class=\\"slices\\" data-type=\\"array\\"><div class=\\"nestedlocaleBlock\\" id=\\"6b9d0b28810f\\" data-type=\\"object\\"><div class=\\"content\\" data-type=\\"array\\"><div class=\\"internationalizedArrayBlockValue\\" id=\\"en\\" data-type=\\"object\\"><div class=\\"value\\" data-type=\\"array\\"><p id=\\"undefined\\">This is block text 1 level deep</p></div></div></div></div></div></div></body></html>",
  "name": "drafts.2947533e-1ea5-4116-955b-339608d3445d",
}
`;
